accountsservice
acpid
adduser
apparmor
apport
apport-symptoms
apt
apt-transport-https
apt-utils
at
attr
base-files
base-passwd
bash
bash-completion
bc
bind9-host
biosdevname
bsdmainutils
bsdutils
btsync
build-essential
busybox-initramfs
busybox-static
byobu
bzip2
ca-certificates
cifs-utils
colordiff
command-not-found
command-not-found-data
console-setup
coreutils
cpio
cron
curl
dash
dbus
debconf
debconf-i18n
debian-keyring
debianutils
dh-python
diffutils
dmsetup
dnsutils
dosfstools
dpkg
e2fslibs
e2fsprogs
ed
eject
etckeeper
ethtool
fakeroot
fdupes
file
findutils
fonts-ubuntu-font-family-console
friendly-recovery
ftp
fuse
gawk
gcc
gcc-4.8-base
gcc-4.9-base
gdisk
geoip-database
gettext-base
gir1.2-glib-2.0
git
git-core
gnupg
gpgv
grep
groff-base
grub-common
grub-pc
gzip
hdparm
hopenpgp-tools
hostname
htop
idle3-tools
ifupdown
info
init-system-helpers
initramfs-tools
initramfs-tools-bin
initscripts
insserv
install-info
installation-report
iproute2
iptables
iputils-ping
iputils-tracepath
irqbalance
isc-dhcp-client
isc-dhcp-common
kbd
kernel-package
keyboard-configuration
keychain
keyutils
klibc-utils
kmod
krb5-locales
landscape-common
language-selector-common
less
libaccountsservice0
libacl1
libaio1
libapparmor-perl
libapparmor1
libapt-inst1.5
libapt-pkg4.12
libarchive-extract-perl
libasn1-8-heimdal
libasprintf0c2
libatm1
libattr1
libaudit-common
libaudit1
libavahi-client3
libavahi-common-data
libavahi-common3
libbind9-90
libblkid1
libbsd0
libbz2-1.0
libc-bin
libc6
libcap-ng0
libcap2
libcap2-bin
libcgmanager0
libck-connector0
libcomerr2
libcups2
libcurl3
libcurl3-gnutls
libdb5.3
libdbus-1-3
libdbus-glib-1-2
libdebconfclient0
libdevmapper1.02.1
libdns100
libdrm2
libedit2
libelf1
libestr0
libevent-2.0-5
libexpat1
libffi6
libfile-copy-recursive-perl
libfribidi0
libfuse2
libgc1c2
libgcc1
libgck-1-0
libgcr-3-common
libgcr-base-3-1
libgcrypt11
libgdbm3
libgdk-pixbuf2.0-dev
libgeoip1
libgirepository-1.0-1
libglib2.0-0
libglib2.0-data
libgmp10
libgnutls-openssl27
libgnutls26
libgpg-error0
libgpm2
libgssapi-krb5-2
libgssapi3-heimdal
libhcrypto4-heimdal
libhdb9-heimdal
libheimbase1-heimdal
libheimntlm0-heimdal
libhx509-5-heimdal
libidn11
libisc95
libisccc90
libisccfg90
libiw30
libjson-c2
libjson0
libk5crypto3
libkdc2-heimdal
libkeyutils1
libklibc
libkmod2
libkrb5-26-heimdal
libkrb5-3
libkrb5support0
libldap-2.4-2
libldb1
liblocale-gettext-perl
liblockfile-bin
liblockfile1
liblog-message-simple-perl
liblwres90
liblzma5
libmagic1
libmodule-pluggable-perl
libmount1
libmpdec2
libncurses5
libncurses5-dev
libncursesw5
libnewt0.52
libnfnetlink0
libnih-dbus1
libnih1
libnss-winbind
libntdb1
libnuma1
libp11-kit0
libpam-cap
libpam-modules
libpam-modules-bin
libpam-runtime
libpam-smbpass
libpam-systemd
libpam-winbind
libpam0g
libparted0debian1
libpcap0.8
libpcre3
libpcsclite1
libpipeline1
libplymouth2
libpng12-0
libpod-latex-perl
libpolkit-agent-1-0
libpolkit-backend-1-0
libpolkit-gobject-1-0
libpopt0
libprocps3
libpython2.7
libpython3-stdlib
libpython3.4-minimal
libpython3.4-stdlib
libreadline5
libreadline6
libroken18-heimdal
librtmp0
libsasl2-2
libsasl2-modules
libsasl2-modules-db
libselinux1
libsemanage-common
libsemanage1
libsepol1
libsigsegv2
libslang2
libsmbclient
libsqlite3-0
libss2
libssl1.0.0
libstdc++6
libsystemd-daemon0
libsystemd-login0
libtalloc2
libtasn1-6
libtdb1
libterm-ui-perl
libtevent0
libtext-charwidth-perl
libtext-iconv-perl
libtext-soundex-perl
libtext-wrapi18n-perl
libtinfo5
libudev1
libusb-0.1-4
libustr-1.0-1
libuuid1
libwbclient0
libwind0-heimdal
libwrap0
libx11-6
libx11-data
libxau6
libxcb1
libxdmcp6
libxext6
libxml2
libxmuu1
libxtables10
linux-generic
linux-headers-3.13.0-32
linux-headers-3.13.0-32-generic
linux-headers-3.13.0-39
linux-headers-3.13.0-39-generic
linux-headers-3.13.0-40
linux-headers-3.13.0-40-generic
linux-headers-3.13.0-43
linux-headers-3.13.0-43-generic
linux-headers-3.13.0-45
linux-headers-3.13.0-45-generic
linux-headers-3.13.0-48
linux-headers-3.13.0-48-generic
linux-headers-3.13.0-49
linux-headers-3.13.0-49-generic
linux-headers-3.13.0-53
linux-headers-3.13.0-53-generic
linux-headers-3.13.0-63
linux-headers-3.13.0-63-generic
linux-headers-3.13.0-65
linux-headers-3.13.0-65-generic
linux-headers-3.18.6-031806
linux-headers-3.18.6-031806-generic
linux-headers-3.18.6-aufs
linux-headers-generic
linux-image-3.18.6-031806-generic
linux-image-3.18.6-aufs
locales
lockfile-progs
login
logrotate
lsb-base
lsb-release
lshw
lsof
ltrace
mailutils
make
makedev
man-db
manpages
mawk
mc
mdadm
memtest86+
mhddfs
mime-support
mlocate
module-init-tools
mount
mountall
mr
mtr-tiny
multiarch-support
mutt
nano
ncurses-base
ncurses-bin
ncurses-term
net-tools
netbase
netcat-openbsd
nfs-kernel-server
ntfs-3g
ntpdate
openssh-client
openssh-server
openssh-sftp-server
openssl
oracle-java8-installer
parted
passwd
patch
pciutils
perl
perl-base
perl-modules
plexmediaserver
plymouth
plymouth-theme-ubuntu-text
policykit-1
popularity-contest
powermgmt-base
ppp
pppconfig
pppoeconf
procps
psmisc
python
python-cheetah
python-configobj
python-crypto
python-dnspython
python-gdbm
python-ldb
python-ntdb
python-openssl
python-pam
python-pip
python-pkg-resources
python-requests
python-samba
python-serial
python-talloc
python-tdb
python-twisted-bin
python-twisted-core
python-urllib3
python-wheel
python-zope.interface
python3
python3-apport
python3-apt
python3-commandnotfound
python3-dbus
python3-distupgrade
python3-gdbm
python3-gi
python3-minimal
python3-newt
python3-problem-report
python3-pycurl
python3-software-properties
python3-update-manager
python3.4
python3.4-minimal
rbenv
rcs
readline-common
resolvconf
rsync
rsyslog
run-one
samba
samba-common
samba-common-bin
samba-doc
samba-dsdb-modules
samba-libs
samba-vfs-modules
screen
sed
sensible-utils
sgml-base
shared-mime-info
smartmontools
smbclient
snapraid
software-properties-common
ssh-import-id
ssmtp
strace
sudo
systemd-services
systemd-shim
sysv-rc
sysvinit-utils
tar
tasksel
tcpd
tcpdump
tdb-tools
telnet
time
tmux
transmission-daemon
tree
tzdata
ubuntu-keyring
ubuntu-minimal
ubuntu-release-upgrader-core
ubuntu-standard
ucf
udev
ufw
unattended-upgrades
update-inetd
update-manager-core
update-notifier-common
upstart
ureadahead
usbutils
util-linux
uuid-runtime
vcsh
vim
vim-common
vim-runtime
vim-tiny
w3m
wget
whiptail
winbind
wireless-tools
wpasupplicant
xauth
xkb-data
xml-core
zlib1g
zsh
