apt-xapian-index
aptitude
aptitude-common
binutils
btsync-common
cpp
cpp-4.8
crda
dmidecode
dpkg-dev
fontconfig
fontconfig-config
fonts-dejavu-core
g++
g++-4.8
gcc-4.8
gettext
git-man
grub-gfxpayload-lists
grub-pc-bin
grub2-common
gsfonts
gsfonts-x11
guile-2.0-libs
hicolor-icon-theme
intltool-debian
iso-codes
java-common
laptop-detect
libalgorithm-diff-perl
libalgorithm-diff-xs-perl
libalgorithm-merge-perl
libasan0
libasprintf-dev
libassuan0
libatk1.0-0
libatk1.0-data
libatomic1
libauthen-sasl-perl
libboost-iostreams1.54.0
libc-dev-bin
libc6-dev
libcairo2
libclass-accessor-perl
libcloog-isl4
libcroco3
libcwidget3
libdatrie1
libdpkg-perl
libencode-locale-perl
libept1.4.12
liberror-perl
libfakeroot
libfile-fcntllock-perl
libfile-listing-perl
libfont-afm-perl
libfontconfig1
libfontenc1
libfreetype6
libgcc-4.8-dev
libgdk-pixbuf2.0-0
libgdk-pixbuf2.0-common
libgettextpo-dev
libgettextpo0
libglade2-0
libgomp1
libgpgme11
libgraphite2-3
libgsasl7
libgssglue1
libgtk2.0-0
libgtk2.0-bin
libgtk2.0-common
libharfbuzz0b
libhtml-form-perl
libhtml-format-perl
libhtml-parser-perl
libhtml-tagset-perl
libhtml-tree-perl
libhttp-cookies-perl
libhttp-daemon-perl
libhttp-date-perl
libhttp-message-perl
libhttp-negotiate-perl
libicu52
libio-html-perl
libio-socket-inet6-perl
libio-socket-ssl-perl
libio-string-perl
libisl10
libitm1
libjasper1
libjbig0
libjpeg-turbo8
libjpeg8
libkyotocabinet16
libltdl7
liblwp-mediatypes-perl
liblwp-protocol-https-perl
liblzo2-2
libmail-sendmail-perl
libmailtools-perl
libmailutils4
libminiupnpc8
libmpc3
libmpfr4
libmysqlclient18
libnatpmp1
libnet-http-perl
libnet-smtp-ssl-perl
libnet-ssleay-perl
libnfsidmap2
libnl-3-200
libnl-genl-3-200
libntlm0
libpango-1.0-0
libpangocairo-1.0-0
libpangoft2-1.0-0
libparse-debianchangelog-perl
libpci3
libpixman-1-0
libpython-stdlib
libpython2.7-minimal
libpython2.7-stdlib
libquadmath0
libruby1.9.1
libsigc++-2.0-0c2a
libsocket6-perl
libssh2-1
libstdc++-4.8-dev
libsub-name-perl
libsys-hostname-long-perl
libthai-data
libthai0
libtiff5
libtimedate-perl
libtinfo-dev
libtirpc1
libtokyocabinet9
libtsan0
libunistring0
liburi-perl
libusb-1.0-0
libwww-perl
libwww-robotrules-perl
libxapian22
libxcb-render0
libxcb-shm0
libxcomposite1
libxcursor1
libxdamage1
libxfixes3
libxfont1
libxi6
libxinerama1
libxrandr2
libxrender1
libyaml-0-2
linux-firmware
linux-headers-3.13.0-40
linux-headers-3.13.0-40-generic
linux-headers-3.13.0-43
linux-headers-3.13.0-43-generic
linux-headers-3.13.0-45
linux-headers-3.13.0-45-generic
linux-headers-3.13.0-48
linux-headers-3.13.0-48-generic
linux-headers-3.13.0-49
linux-headers-3.13.0-49-generic
linux-image-3.13.0-40-generic
linux-image-3.13.0-43-generic
linux-image-3.13.0-45-generic
linux-image-3.13.0-48-generic
linux-image-3.13.0-49-generic
linux-image-extra-3.13.0-40-generic
linux-image-extra-3.13.0-43-generic
linux-image-extra-3.13.0-45-generic
linux-image-extra-3.13.0-48-generic
linux-image-extra-3.13.0-49-generic
linux-image-generic
linux-libc-dev
mailutils-common
manpages-dev
mc-data
myrepos
mysql-common
nfs-common
os-prober
po-debconf
python-apt
python-apt-common
python-cairo
python-chardet
python-colorama
python-debian
python-distlib
python-glade2
python-gobject-2
python-gtk2
python-html5lib
python-minimal
python-setuptools
python-six
python-xapian
python2.7
python2.7-minimal
rpcbind
ruby
ruby1.9.1
tasksel-data
transmission-cli
transmission-common
unzip
wireless-regdb
x11-common
xfonts-encodings
xfonts-utils
xz-utils
zsh-common
